  Determining projects to restore...
  All projects are up-to-date for restore.
  LexiVocab.Domain -> E:\lexivocab-ex\LexiVocabAPI\src\LexiVocab.Domain\bin\Debug\net10.0\LexiVocab.Domain.dll
  LexiVocab.Application -> E:\lexivocab-ex\LexiVocabAPI\src\LexiVocab.Application\bin\Debug\net10.0\LexiVocab.Application.dll
  LexiVocab.Application.UnitTests -> E:\lexivocab-ex\LexiVocabAPI\tests\LexiVocab.Application.UnitTests\bin\Debug\net10.0\LexiVocab.Application.UnitTests.dll
Test run for E:\lexivocab-ex\LexiVocabAPI\tests\LexiVocab.Application.UnitTests\bin\Debug\net10.0\LexiVocab.Application.UnitTests.dll (.NETCoreApp,Version=v10.0)
VSTest version 18.0.1 (x64)

Starting test execution, please wait...
A total of 1 test files matched the specified pattern.

Passed!  - Failed:     0, Passed:    44, Skipped:     0, Total:    44, Duration: 182 ms - LexiVocab.Application.UnitTests.dll (net10.0)
